- dossier
- covenant
- annual_report
- investigation_report
- disposition
- complaint_judgement
- other_publication
- advice
