<?xml version="1.0" encoding="UTF-8"?>
<urlset xmlns="http://www.sitemaps.org/schemas/sitemap/0.9" xmlns:xsi="http://www.w3.org/2001/XMLSchema-instance" xmlns:diwoo="https://standaarden.overheid.nl/diwoo/metadata/" xsi:schemaLocation="http://www.sitemaps.org/schemas/sitemap/0.9 http://www.sitemaps.org/schemas/sitemap/0.9/sitemap.xsd https://standaarden.overheid.nl/diwoo/metadata/ https://standaarden.overheid.nl/diwoo/metadata/0.9.4/xsd/diwoo-metadata.xsd">
 <test>some placeholder content</test>
</urlset>
