organisation_id:
    dateTime: '2025-02-11T15:29:12+00:00'
    node: dfa43a74a2ab
