{
    "options": [
        {
            "value": "1ef401f7-958a-65c4-a92c-25f027c8b5e7",
            "label": "foo"
        },
        {
            "value": "1ef3ea0e-678d-6cee-9604-c962be9d60b2",
            "label": "bar"
        }
    ],
    "values": [],
    "errors": [
        "oops"
    ]
}
