[
    {
        "citation": "5.1.1a",
        "label": "Eenheid van de Kroon"
    },
    {
        "citation": "5.1.1b",
        "label": "Veiligheid van de Staat"
    },
    {
        "citation": "5.1.1c",
        "label": "Vertrouwelijk verstrekte bedrijfs- of fabricagegegevens"
    },
    {
        "citation": "5.1.1d",
        "label": "Bijzondere persoonsgegevens"
    },
    {
        "citation": "5.1.1e",
        "label": "Nationale identificatienummers"
    },
    {
        "citation": "5.1.2a",
        "label": "Internationale betrekkingen"
    },
    {
        "citation": "5.1.2b",
        "label": "Economische of financiÃ«le belangen van de Staat"
    },
    {
        "citation": "5.1.2c",
        "label": "Opsporing en vervolging van strafbare feiten"
    },
    {
        "citation": "5.1.2d",
        "label": "Inspectie, controle en toezicht van bestuursorganen"
    },
    {
        "citation": "5.1.2e",
        "label": "Eerbiediging van de persoonlijke levenssfeer"
    },
    {
        "citation": "5.1.2f",
        "label": "Bescherming van andere dan vertrouwelijk aan de overheid verstrekte concurrentiegevoelige bedrijfs- en fabricagegevens"
    },
    {
        "citation": "5.1.2g",
        "label": "De bescherming van het milieu waarop deze informatie betrekking heeft"
    },
    {
        "citation": "5.1.2h",
        "label": "De beveiliging van personen of bedrijven en het voorkomen van sabotage"
    },
    {
        "citation": "5.1.2i",
        "label": "Het goed functioneren van de staat, andere publiekrechtelijke lichamen of bestuursorganen"
    },
    {
        "citation": "5.1.5",
        "label": "Het voorkomen van onevenredige benadeling"
    },
    {
        "citation": "5.2",
        "label": "Persoonlijke beleidsopvattingen"
    },
    {
        "citation": "5.4",
        "label": "Informatie die berust bij de formateur"
    }
]
