[
    {
        "type": "AttachmentLanguage",
        "value": "Dutch",
        "label": "dutch"
    },
    {
        "type": "AttachmentLanguage",
        "value": "English",
        "label": "english"
    }
]
