-
    covenant: true
    wooDecision: false
    annualReport: false
    investigationReport: false
    disposition: false
    complaintJudgement: false
    otherPublication: false
    advice: false
    attachments: true
    dossierClass: App\Domain\Publication\Dossier\Type\Covenant\Covenant
    valueForRouteName: covenant
    name: COVENANT
    value: covenant
-
    covenant: false
    wooDecision: true
    annualReport: false
    investigationReport: false
    disposition: false
    complaintJudgement: false
    otherPublication: false
    advice: false
    attachments: true
    dossierClass: App\Domain\Publication\Dossier\Type\WooDecision\WooDecision
    valueForRouteName: woodecision
    name: WOO_DECISION
    value: woo-decision
-
    covenant: false
    wooDecision: false
    annualReport: true
    investigationReport: false
    disposition: false
    complaintJudgement: false
    otherPublication: false
    advice: false
    attachments: true
    dossierClass: App\Domain\Publication\Dossier\Type\AnnualReport\AnnualReport
    valueForRouteName: annualreport
    name: ANNUAL_REPORT
    value: annual-report
-
    covenant: false
    wooDecision: false
    annualReport: false
    investigationReport: true
    disposition: false
    complaintJudgement: false
    otherPublication: false
    advice: false
    attachments: true
    dossierClass: App\Domain\Publication\Dossier\Type\InvestigationReport\InvestigationReport
    valueForRouteName: investigationreport
    name: INVESTIGATION_REPORT
    value: investigation-report
-
    covenant: false
    wooDecision: false
    annualReport: false
    investigationReport: false
    disposition: true
    complaintJudgement: false
    otherPublication: false
    advice: false
    attachments: true
    dossierClass: App\Domain\Publication\Dossier\Type\Disposition\Disposition
    valueForRouteName: disposition
    name: DISPOSITION
    value: disposition
-
    covenant: false
    wooDecision: false
    annualReport: false
    investigationReport: false
    disposition: false
    complaintJudgement: true
    otherPublication: false
    advice: false
    attachments: false
    dossierClass: App\Domain\Publication\Dossier\Type\ComplaintJudgement\ComplaintJudgement
    valueForRouteName: complaintjudgement
    name: COMPLAINT_JUDGEMENT
    value: complaint-judgement
-
    covenant: false
    wooDecision: false
    annualReport: false
    investigationReport: false
    disposition: false
    complaintJudgement: false
    otherPublication: true
    advice: false
    attachments: true
    dossierClass: App\Domain\Publication\Dossier\Type\OtherPublication\OtherPublication
    valueForRouteName: otherpublication
    name: OTHER_PUBLICATION
    value: other-publication
-
    covenant: false
    wooDecision: false
    annualReport: false
    investigationReport: false
    disposition: false
    complaintJudgement: false
    otherPublication: false
    advice: true
    attachments: true
    dossierClass: App\Domain\Publication\Dossier\Type\Advice\Advice
    valueForRouteName: advice
    name: ADVICE
    value: advice
