{
    "body": {
        "docvalue_fields": [
            "type",
            "document_nr",
            "document_prefix",
            "dossier_nr"
        ],
        "_source": false,
        "sort": [
            "_score"
        ],
        "query": {
            "bool": {
                "should": [
                    {
                        "match_all": {}
                    }
                ],
                "filter": [
                    {
                        "bool": {
                            "filter": [
                                {
                                    "terms": {
                                        "type": [
                                            "document"
                                        ]
                                    }
                                },
                                {
                                    "terms": {
                                        "inquiry_ids": [
                                            "foo",
                                            "bar"
                                        ]
                                    }
                                },
                                {
                                    "nested": {
                                        "path": "dossiers",
                                        "query": {
                                            "terms": {
                                                "dossiers.status": [
                                                    "published",
                                                    "preview"
                                                ]
                                            }
                                        }
                                    }
                                }
                            ]
                        }
                    }
                ]
            }
        },
        "aggs": {
            "unique_dossiers": {
                "cardinality": {
                    "field": "dossier_nr",
                    "precision_threshold": 40000
                }
            },
            "unique_documents": {
                "cardinality": {
                    "field": "document_nr",
                    "precision_threshold": 40000
                }
            }
        }
    },
    "index": "woopie-read",
    "from": 0,
    "size": 0
}
