root:
    tmp: {  }
    var:
        www:
            html:
                public:
                    sitemap:
                        woo-index:
                            20250101_120100_000000__random-string:
                                sitemap-index.xml: sitemap-index
                                sitemap-00001.xml: sitemap-00001
                                sitemap-00002.xml: sitemap-00002
                                sitemap-00003.xml: sitemap-00003
                                sitemap-00004.xml: sitemap-00004
