<?xml version="1.0" encoding="UTF-8"?>
<urlset xmlns="http://www.sitemaps.org/schemas/sitemap/0.9" xmlns:xsi="http://www.w3.org/2001/XMLSchema-instance" xmlns:diwoo="https://standaarden.overheid.nl/diwoo/metadata/" xsi:schemaLocation="http://www.sitemaps.org/schemas/sitemap/0.9 http://www.sitemaps.org/schemas/sitemap/0.9/sitemap.xsd https://standaarden.overheid.nl/diwoo/metadata/ https://standaarden.overheid.nl/diwoo/metadata/0.9.4/xsd/diwoo-metadata.xsd">
 <url>
  <loc>http://localhost:8000/dossier/PREF/my-covenant-1/file/download/attachment/1edb9c89-2739-6700-82b2-09e15b3f6ce0</loc>
  <lastmod>2023-03-02</lastmod>
  <diwoo:Document>
   <diwoo:DiWoo>
    <diwoo:creatiedatum>2023-02-20</diwoo:creatiedatum>
    <diwoo:publisher resource="https://identifier.overheid.nl/tooi/id/ministerie/mnre1025">ministerie van Volksgezondheid, Welzijn en Sport</diwoo:publisher>
    <diwoo:titelcollectie>
     <diwoo:officieleTitel>file_name.pdf</diwoo:officieleTitel>
    </diwoo:titelcollectie>
    <diwoo:classificatiecollectie>
     <diwoo:informatiecategorieen>
      <diwoo:informatiecategorie resource="https://identifier.overheid.nl/tooi/def/thes/kern/c_8fc2335c">convenanten</diwoo:informatiecategorie>
     </diwoo:informatiecategorieen>
    </diwoo:classificatiecollectie>
    <diwoo:documenthandelingen>
     <diwoo:documenthandeling>
      <diwoo:soortHandeling resource="https://identifier.overheid.nl/tooi/def/thes/kern/c_641ecd76">vaststelling</diwoo:soortHandeling>
      <diwoo:atTime>2023-02-20T00:00:00+00:00</diwoo:atTime>
     </diwoo:documenthandeling>
    </diwoo:documenthandelingen>
    <diwoo:isPartOf resource="http://localhost:8000/dossier/PREF/my-covenant-1/file/download/main_document/1edb8363-da01-6700-82b2-09e15b3f6ce0">file_name.pdf</diwoo:isPartOf>
   </diwoo:DiWoo>
  </diwoo:Document>
 </url>
 <url>
  <loc>http://localhost:8000/dossier/PREF/my-covenant-1/file/download/attachment/1edba91b-cdd5-6700-82b2-09e15b3f6ce0</loc>
  <lastmod>2023-03-03</lastmod>
  <diwoo:Document>
   <diwoo:DiWoo>
    <diwoo:creatiedatum>2023-02-21</diwoo:creatiedatum>
    <diwoo:publisher resource="https://identifier.overheid.nl/tooi/id/ministerie/mnre1025">ministerie van Volksgezondheid, Welzijn en Sport</diwoo:publisher>
    <diwoo:titelcollectie>
     <diwoo:officieleTitel>file_name.pdf</diwoo:officieleTitel>
    </diwoo:titelcollectie>
    <diwoo:classificatiecollectie>
     <diwoo:informatiecategorieen>
      <diwoo:informatiecategorie resource="https://identifier.overheid.nl/tooi/def/thes/kern/c_8fc2335c">convenanten</diwoo:informatiecategorie>
     </diwoo:informatiecategorieen>
    </diwoo:classificatiecollectie>
    <diwoo:documenthandelingen>
     <diwoo:documenthandeling>
      <diwoo:soortHandeling resource="https://identifier.overheid.nl/tooi/def/thes/kern/c_641ecd76">vaststelling</diwoo:soortHandeling>
      <diwoo:atTime>2023-02-21T00:00:00+00:00</diwoo:atTime>
     </diwoo:documenthandeling>
    </diwoo:documenthandelingen>
    <diwoo:isPartOf resource="http://localhost:8000/dossier/PREF/my-covenant-1/file/download/main_document/1edb8363-da01-6700-82b2-09e15b3f6ce0">file_name.pdf</diwoo:isPartOf>
   </diwoo:DiWoo>
  </diwoo:Document>
 </url>
</urlset>
