<?xml version="1.0" encoding="UTF-8"?>
<sitemapindex xmlns="http://www.sitemaps.org/schemas/sitemap/0.9">
 <sitemap>
  <loc>http://localhost:8000/sitemap/woo-index/1efe8c60-9d44-6c08-8984-db09e5d32982/sitemap-00001.xml</loc>
 </sitemap>
 <sitemap>
  <loc>http://localhost:8000/sitemap/woo-index/1efe8c60-9d44-6c08-8984-db09e5d32982/sitemap-00002.xml</loc>
 </sitemap>
 <sitemap>
  <loc>http://localhost:8000/sitemap/woo-index/1efe8c60-9d44-6c08-8984-db09e5d32982/sitemap-00003.xml</loc>
 </sitemap>
 <sitemap>
  <loc>http://localhost:8000/sitemap/woo-index/1efe8c60-9d44-6c08-8984-db09e5d32982/sitemap-00004.xml</loc>
 </sitemap>
 <sitemap>
  <loc>http://localhost:8000/sitemap/woo-index/1efe8c60-9d44-6c08-8984-db09e5d32982/sitemap-00005.xml</loc>
 </sitemap>
 <sitemap>
  <loc>http://localhost:8000/sitemap/woo-index/1efe8c60-9d44-6c08-8984-db09e5d32982/sitemap-00006.xml</loc>
 </sitemap>
 <sitemap>
  <loc>http://localhost:8000/sitemap/woo-index/1efe8c60-9d44-6c08-8984-db09e5d32982/sitemap-00007.xml</loc>
 </sitemap>
 <sitemap>
  <loc>http://localhost:8000/sitemap/woo-index/1efe8c60-9d44-6c08-8984-db09e5d32982/sitemap-00008.xml</loc>
 </sitemap>
</sitemapindex>
