-
    name: index456
    health: yellow
    status: open
    docsCount: '2085'
    storeSize: 1.2mb
    mappingVersion: '11'
    aliases: [aliasC, aliasD]
-
    name: index123
    health: yellow
    status: open
    docsCount: '2085'
    storeSize: 1.2mb
    mappingVersion: unknown
    aliases: [aliasA, aliasB]
