dossierPercentage: 180.49
documentPercentage: 432.47
pagePercentage: 504.55
index:
    name: index-123
    health: yellow
    status: open
    docsCount: '65'
    storeSize: 69MB
    mappingVersion: '3'
    aliases: [woopie-read, woopie-write]
expectedDossierCount: 123
expectedDocCount: 77
expectedPageCount: 88
actualDossierCount: 222
actualDocCount: 333
actualPageCount: 444
