-
    name: foo
    arguments:
        - bar
    response: true
