TEST-XX-5033:
    - foo123
    - bar456
TEST-xx-5034:
    - foo123
