uploadGroupId: WOO_DECISION_DOCUMENTS
fileTypeNames:
    - PDF
    - Excel
    - Word
    - PowerPoint
    - Zip
