urlName: covid-19
menuName: public.theme.covid-19.menu_name
pageTitle: public.theme.covid-19.page_title
pageText: public.theme.covid-19.page_text
