schemas:
    - FoobarSchema
    - TestSchema
responses:
    - FoobarSchema
parameters:
    - TestParameter
examples:
    - FoobarExample
    - TestExample
