-
    input: 1ef93cd3-6749-6180-ac5e-1bd5a779c2cd
    output: /7e/e93b803608f34d48c89aa937c9c0ca9b2c02ea8f361c4d11542f65e5f590a9
-
    input: 1ef93cd3-6749-6270-8ef3-1bd5a779c2cd
    output: /a3/6020419953e897f0a603f7a07825618d11ac293ae4369241f90bc5eba4a6d5
-
    input: 1ef93cd3-6749-628e-a672-1bd5a779c2cd
    output: /dc/2d49993bcef322e2afe64d4b98c191d0d09dd4a7e2ded5c3ecf704e65c40b3
-
    input: 28239ea6-e320-428a-b88d-a6d35294efef
    output: /57/0128378f3a53b3bc0b016fbe64d341cee2dec8223cab193d2ee6636b078b1e
-
    input: 3b293bf3-ffa4-4254-b3fb-5d6ae95d750d
    output: /72/aa37535447ab41aca30345bb0a8d5267f9a0fb3ce0e1403cd6107decf007c2
