-
    name: 'Adipiscing Elit'
    shortTag: ae
    slug: adipiscing-elit
    public: true
-
    name: 'Amet Consectetur'
    shortTag: ac
    slug: amet-consectetur
    public: true
-
    name: 'Lorem Ipsum'
    shortTag: li
    slug: lorem-ipsum
    public: true
