incomplete: false
immutable: false
downloadable: true
uploaded: true
name: UPLOADED
value: uploaded
