queryString: true
activeFacets: false
queryParameters:
    q: foo
    sort: publication_date
    sortorder: asc
facetInputs: {  }
operator:
    name: AND
    value: and
limit: 0
offset: 0
pagination: true
aggregations: true
query: foo
searchType:
    dossier: false
    document: false
    all: true
    notAll: false
    name: ALL
    value: all
sortField:
    name: PUBLICATION_DATE
    value: publication_date
sortOrder:
    name: ASC
    value: asc
baseQueryConditions: null
mode:
    accessibleDossierStatuses: [{ new: false, concept: false, scheduled: false, preview: true, published: false, newOrConcept: false, conceptOrScheduled: false, publiclyAvailable: true, publiclyAvailableOrScheduled: true, deleted: false, notDeleted: true, name: PREVIEW, value: preview }, { new: false, concept: false, scheduled: false, preview: false, published: true, newOrConcept: false, conceptOrScheduled: false, publiclyAvailable: true, publiclyAvailableOrScheduled: true, deleted: false, notDeleted: true, name: PUBLISHED, value: published }]
    admin: false
    api: false
    public: true
    all: false
    name: PUBLIC
    value: FRONTEND
