[
    "http://test/link_A",
    "http://test/link_B",
    "http://test/link_C",
    "http://test/link_D"
]
