fileType: Excel
mimes:
    - application/vnd.ms-excel
    - application/msexcel
    - application/x-msexcel
    - zz-application/zz-winassoc-xls
    - application/vnd.openxmlformats-officedocument.spreadsheetml.sheet
    - application/vnd.oasis.opendocument.spreadsheet
    - application/vnd.oasis.opendocument.formula
    - text/csv
    - application/csv
    - text/x-comma-separated-values
    - text/x-csv
