fileType: PDF
mimes:
    - application/pdf
    - application/acrobat
    - application/nappdf
    - application/x-pdf
    - image/pdf
