- pdf
- xls
- xlsx
- ods
- odf
- csv
- doc
- docx
- odt
- pps
- ppsx
- ppt
- pptx
- odp
- txt
- rdf
