fileType: 'Vector Image'
mimes:
    - image/svg+xml
    - image/svg
