fileType: Word
mimes:
    - text/plain
    - application/rdf+xml
    - text/rdf
